---
source: tui/src/bottom_pane/chat_composer.rs
expression: terminal.backend()
---
"▌[Pasted Content 1005 chars]                                                                        "
"▌                                                                                                   "
"▌                                                                                                   "
"▌                                                                                                   "
"▌                                                                                                   "
"▌                                                                                                   "
"▌                                                                                                   "
"▌                                                                                                   "
"▌                                                                                                   "
" Enter send   ⌃J newline   ⌃T transcript   ⌃C quit                                                  "
