---
source: tui/src/bottom_pane/chat_composer.rs
expression: terminal.backend()
---
"▌ Ask Codex to do anything                                                                          "
"▌                                                                                                   "
"▌                                                                                                   "
"▌                                                                                                   "
"▌                                                                                                   "
"▌                                                                                                   "
"▌                                                                                                   "
"▌                                                                                                   "
"▌                                                                                                   "
" Enter send   ⌃J newline   ⌃T transcript   ⌃C quit                                                  "
