---
source: tui/src/chatwidget/tests.rs
expression: terminal.backend()
---
"                                                                                "
"                                                                                "
" Analyzing (0s • Esc to interrupt)                                              "
"                                                                                "
"▌ Ask Codex to do anything                                                      "
" Enter send   ⌃J newline   ⌃T transcript   ⌃C quit                              "
"                                                                                "
